[themes.iki-bir.com/creatink/index9.html]
[backblue.gif]
[fade.gif]
[index.html]
[themes.iki-bir.com/creatink/style/images/favicon.png]
[themes.iki-bir.com/creatink/style/css/bootstrap.min.css]
[themes.iki-bir.com/creatink/style/css/plugins.css]
[themes.iki-bir.com/creatink/style/revolution/css/settings.css]
[themes.iki-bir.com/creatink/style/revolution/css/layers.css]
[themes.iki-bir.com/creatink/style/revolution/css/navigation.css]
[themes.iki-bir.com/creatink/style/type/icons.css]
[themes.iki-bir.com/creatink/style.css]
[themes.iki-bir.com/creatink/style/css/color/green.css]
[themes.iki-bir.com/creatink/style/images/art/slider-bg41.jpg]
[themes.iki-bir.com/creatink/style/images/art/cr3.jpg]
[themes.iki-bir.com/creatink/style/images/art/cr1.jpg]
[themes.iki-bir.com/creatink/style/images/art/cr2.jpg]
[themes.iki-bir.com/creatink/style/images/art/cr19.jpg]
[themes.iki-bir.com/creatink/style/images/art/cr5.jpg]
[themes.iki-bir.com/creatink/style/images/art/cr9.jpg]
[themes.iki-bir.com/creatink/style/images/art/cr8.jpg]
[themes.iki-bir.com/creatink/style/images/art/cr21.jpg]
[themes.iki-bir.com/creatink/style/images/art/cr20.jpg]
[themes.iki-bir.com/creatink/style/images/art/cr23.jpg]
[themes.iki-bir.com/creatink/style/images/art/cr22.jpg]
[themes.iki-bir.com/creatink/style/images/art/cr26.jpg]
[themes.iki-bir.com/creatink/style/images/art/cr24.jpg]
[themes.iki-bir.com/creatink/style/images/art/cr29.jpg]
[themes.iki-bir.com/creatink/style/images/art/cr31.jpg]
[themes.iki-bir.com/creatink/style/images/art/cr34.jpg]
[themes.iki-bir.com/creatink/style/images/art/cr28.jpg]
[themes.iki-bir.com/creatink/style/images/art/cr33.jpg]
[themes.iki-bir.com/creatink/style/js/bootstrap.min.js]
[themes.iki-bir.com/creatink/style/images/art/cr30.jpg]
[themes.iki-bir.com/creatink/style/js/jquery.min.js]
[themes.iki-bir.com/creatink/style/revolution/js/jquery.themepunch.revolution.min.js]
[themes.iki-bir.com/creatink/style/revolution/js/jquery.themepunch.tools.min.js]
[themes.iki-bir.com/creatink/style/revolution/js/extensions/revolution.extension.slideanims.min.js]
[themes.iki-bir.com/creatink/style/revolution/js/extensions/revolution.extension.carousel.min.js]
[themes.iki-bir.com/creatink/style/revolution/js/extensions/revolution.extension.navigation.min.js]
[themes.iki-bir.com/creatink/style/revolution/js/extensions/revolution.extension.layeranimation.min.js]
[themes.iki-bir.com/creatink/style/revolution/js/extensions/revolution.extension.video.min.js]
[themes.iki-bir.com/creatink/style/revolution/js/extensions/revolution.extension.kenburn.min.js]
[themes.iki-bir.com/creatink/index9.html]
[themes.iki-bir.com/creatink/style/js/scripts.js]
[themes.iki-bir.com/creatink/style/css/bootstrap.min.css]
[themes.iki-bir.com/creatink/style/type/lg/lgd641.eot]
[themes.iki-bir.com/creatink/style/type/lg/lgd41d.eot]
[themes.iki-bir.com/creatink/style/type/lg/lgd641.woff]
[themes.iki-bir.com/creatink/style/type/lg/lgd641.ttf]
[themes.iki-bir.com/creatink/style/type/lg/lgd641.svg]
[themes.iki-bir.com/creatink/style/css/plugins.css]
[themes.iki-bir.com/creatink/style/revolution/fonts/revicons/revicons90c6.eot]
[themes.iki-bir.com/creatink/style/js/plugins.js]
[themes.iki-bir.com/creatink/style/revolution/fonts/revicons/revicons90c6.woff]
[themes.iki-bir.com/creatink/style/revolution/fonts/revicons/revicons90c6.ttf]
[themes.iki-bir.com/creatink/style/revolution/fonts/revicons/revicons90c6.svg]
[themes.iki-bir.com/creatink/style/revolution/css/openhand.cur]
[themes.iki-bir.com/creatink/style/revolution/css/closedhand.cur]
[themes.iki-bir.com/creatink/style/revolution/assets/gridtile.png]
[themes.iki-bir.com/creatink/style/revolution/assets/gridtile_white.png]
[themes.iki-bir.com/creatink/style/revolution/assets/gridtile_3x3.png]
[themes.iki-bir.com/creatink/style/revolution/assets/gridtile_3x3_white.png]
[themes.iki-bir.com/creatink/style/revolution/assets/coloredbg.png]
[themes.iki-bir.com/creatink/style/revolution/css/settings.css]
[themes.iki-bir.com/creatink/style/revolution/css/layers.css]
[themes.iki-bir.com/creatink/style/revolution/css/navigation.css]
[themes.iki-bir.com/creatink/style/revolution/assets/loader.gif]
[themes.iki-bir.com/creatink/style/type/slimicons/Slimicons25cd.eot]
[themes.iki-bir.com/creatink/style/type/slimicons/Slimicons25cd.ttf]
[themes.iki-bir.com/creatink/style/type/slimicons/Slimicons25cd.woff]
[themes.iki-bir.com/creatink/style/type/entypo/Entypoe0c4.eot]
[themes.iki-bir.com/creatink/style/type/entypo/Entypoe0c4.woff]
[themes.iki-bir.com/creatink/style/type/icons.css]
[themes.iki-bir.com/creatink/style/images/art/footer.png]
[themes.iki-bir.com/creatink/style/images/art/footer2.jpg]
[themes.iki-bir.com/creatink/style/images/art/about4.jpg]
[themes.iki-bir.com/creatink/style/images/openhand.cur]
[themes.iki-bir.com/creatink/style/images/closedhand.cur]
[themes.iki-bir.com/creatink/style/images/art/pattern3.jpg]
[themes.iki-bir.com/creatink/style/images/art/pattern4.jpg]
[themes.iki-bir.com/creatink/style.css]
[themes.iki-bir.com/creatink/style/css/color/green.css]
[themes.iki-bir.com/creatink/style/images/art/uc-bg.jpg]
[themes.iki-bir.com/creatink/style/images/art/resume-bg.jpg]
[themes.iki-bir.com/creatink/style/images/art/cr4.jpg]
[themes.iki-bir.com/creatink/style/images/art/cr25.jpg]
[themes.iki-bir.com/creatink/style/images/art/cr6.jpg]
[themes.iki-bir.com/creatink/style/images/art/cr27.jpg]
[themes.iki-bir.com/creatink/style/fonts/glyphicons-halflings-regular.html]
[themes.iki-bir.com/creatink/style/fonts/glyphicons-halflings-regulard41d.html]
[themes.iki-bir.com/creatink/style/fonts/glyphicons-halflings-regular-2.html]
[themes.iki-bir.com/creatink/style/fonts/glyphicons-halflings-regular-3.html]
[themes.iki-bir.com/creatink/style/fonts/glyphicons-halflings-regular-4.html]
[themes.iki-bir.com/creatink/style/fonts/glyphicons-halflings-regular-5.html]
[themes.iki-bir.com/creatink/style/type/lg/lgd641.svg]
[themes.iki-bir.com/creatink/style/css/fotorama.html]
[themes.iki-bir.com/creatink/style/css/fotorama@2x.html]
[themes.iki-bir.com/creatink/style/revolution/fonts/revicons/revicons90c6.svg]
[themes.iki-bir.com/creatink/style/images/art/cr32.jpg]
[themes.iki-bir.com/creatink/style/type/entypo/Entypoe0c4.ttf]
[themes.iki-bir.com/creatink/style/images/art/cr7.jpg]
[themes.iki-bir.com/creatink/style/type/entypo/Entypoe0c4.svg]
[themes.iki-bir.com/creatink/style/type/slimicons/Slimicons25cd.svg]
[themes.iki-bir.com/creatink/style/images/art/footer3.jpg]
[themes.iki-bir.com/creatink/style/images/art/about3.jpg]
[themes.iki-bir.com/creatink/style/type/slimicons/Slimicons25cd.svg]
[themes.iki-bir.com/creatink/style/type/entypo/Entypoe0c4.svg]
[themes.iki-bir.com/creatink/style/images/art/about8.jpg]
